Reusing configuration cache.
> Task :app:checkKotlinGradlePluginConfigurationErrors SKIPPED
> Task :app:preBuild UP-TO-DATE
> Task :app:preDebugBuild UP-TO-DATE
> Task :app:processDebugGoogleServices UP-TO-DATE
> Task :app:generateDebugResValues UP-TO-DATE
> Task :app:createDebugCompatibleScreenManifests UP-TO-DATE
> Task :app:extractDeepLinksDebug UP-TO-DATE
> Task :app:generateDebugResources UP-TO-DATE
> Task :app:packageDebugResources UP-TO-DATE
> Task :app:parseDebugLocalResources UP-TO-DATE
> Task :app:checkDebugAarMetadata UP-TO-DATE
> Task :app:mapDebugSourceSetPaths UP-TO-DATE
> Task :app:mergeDebugResources UP-TO-DATE
> Task :app:processDebugMainManifest UP-TO-DATE
> Task :app:processDebugManifest UP-TO-DATE
> Task :app:processDebugManifestForPackage UP-TO-DATE
> Task :app:processDebugResources UP-TO-DATE

> Task :app:kaptGenerateStubsDebugKotlin
w: Kapt currently doesn't support language version 2.0+. Falling back to 1.9.

> Task :app:kaptDebugKotlin
.\gradlew : C:\temp\PetCare
App\app\build\tmp\kapt3\stu
bs\debug\com\example\petcar
esuperapp\presentation\scre
ens\community\CommunityFeed
ScreenKt.java:6: error: 
incompatible types: 
NonExistentClass cannot be 
converted to Annotation
At line:1 char:1
+ .\gradlew 
:app:compileDebugKotlin > 
build_output.txt 2>&1
+ ~~~~~~~~~~~~~~~~~~~~~~~~~
~~~~~~~~~~~~~~~~~~~~~~~~~~~
~~~~~
    + CategoryInfo         
     : NotSpecified: (C:\  
  temp\PetCare...d to An   
 notation:String) [], R    
emoteException
    + FullyQualifiedErrorI 
   d : NativeCommandError
 
    
@error.NonExistentClass()
          ^
C:\temp\PetCareApp\app\buil
d\tmp\kapt3\stubs\debug\com
\example\petcaresuperapp\pr
esentation\screens\communit
y\CommunityFeedScreenKt.jav
a:13: error: incompatible 
types: NonExistentClass 
cannot be converted to 
Annotation
    
@error.NonExistentClass()
          ^
C:\temp\PetCareApp\app\buil
d\tmp\kapt3\stubs\debug\com
\example\petcaresuperapp\pr
esentation\screens\communit
y\CommunityFeedScreenKt.jav
a:17: error: incompatible 
types: NonExistentClass 
cannot be converted to 
Annotation
    
@error.NonExistentClass()
          ^

> Task :app:kaptDebugKotlin FAILED

FAILURE: Build failed with 
an exception.

* What went wrong:
Execution failed for task 
':app:kaptDebugKotlin'.
> A failure occurred while 
executing org.jetbrains.kot
lin.gradle.internal.KaptWit
houtKotlincTask$KaptExecuti
onWorkAction

* Try:
> Run with --stacktrace 
option to get the stack 
trace.
> Run with --info or 
--debug option to get more 
log output.
> Run with --scan to get 
full insights from a Build 
Scan (powered by 
Develocity).
> Get more help at 
https://help.gradle.org.

BUILD FAILED in 18s
16 actionable tasks: 2 executed, 14 up-to-date
Configuration cache entry reused.
