To honour the JVM settings for this build a single-use Daemon process will be forked. For more on this, please refer to https://docs.gradle.org/9.3.1/userguide/gradle_daemon.html#sec:disabling_the_daemon in the Gradle documentation.
Daemon will be stopped at the end of the build 
> Task :app:checkKotlinGradlePluginConfigurationErrors SKIPPED
> Task :app:preBuild UP-TO-DATE
> Task :app:preDebugBuild UP-TO-DATE
> Task :app:checkDebugAarMetadata UP-TO-DATE
> Task :app:generateDebugResValues UP-TO-DATE
> Task :app:processDebugGoogleServices UP-TO-DATE
> Task :app:mapDebugSourceSetPaths UP-TO-DATE
> Task :app:generateDebugResources UP-TO-DATE
> Task :app:mergeDebugResources UP-TO-DATE
> Task :app:packageDebugResources UP-TO-DATE
> Task :app:parseDebugLocalResources UP-TO-DATE
> Task :app:createDebugCompatibleScreenManifests UP-TO-DATE
> Task :app:extractDeepLinksDebug UP-TO-DATE
> Task :app:processDebugMainManifest UP-TO-DATE
> Task :app:processDebugManifest UP-TO-DATE
> Task :app:processDebugManifestForPackage UP-TO-DATE
> Task :app:processDebugResources UP-TO-DATE
> Task :app:kaptGenerateStubsDebugKotlin UP-TO-DATE
> Task :app:kaptDebugKotlin UP-TO-DATE

> Task :app:compileDebugKotlin
./gradlew : e: file:///C:/t
emp/PetCareApp/app/src/main
/java/com/example/petcaresu
perapp/presentation/navigat
ion/NavGraph.kt:9:62 
Unresolved reference 
'LoginScreen'.
At line:1 char:1
+ ./gradlew 
:app:compileDebugKotlin 
--no-daemon 2>&1 > 
build_error.log
+ ~~~~~~~~~~~~~~~~~~~~~~~~~
~~~~~~~~~~~~~~~~~~~~~~~~~~~
~~~~~~~~~~~~~~~~
    + CategoryInfo         
     : NotSpecified: (e:   
  file:///C:/t... 'Login   
 Screen'.:String) [], R    
emoteException
    + FullyQualifiedErrorI 
   d : NativeCommandError
 
e: file:///C:/temp/PetCareA
pp/app/src/main/java/com/ex
ample/petcaresuperapp/prese
ntation/navigation/NavGraph
.kt:10:62 Unresolved 
reference 'SignUpScreen'.
e: file:///C:/temp/PetCareA
pp/app/src/main/java/com/ex
ample/petcaresuperapp/prese
ntation/navigation/NavGraph
.kt:11:62 Unresolved 
reference 'HomeScreen'.
e: file:///C:/temp/PetCareA
pp/app/src/main/java/com/ex
ample/petcaresuperapp/prese
ntation/navigation/NavGraph
.kt:12:68 Unresolved 
reference 
'OnboardingScreen'.
e: file:///C:/temp/PetCareA
pp/app/src/main/java/com/ex
ample/petcaresuperapp/prese
ntation/navigation/NavGraph
.kt:13:64 Unresolved 
reference 'SplashScreen'.
e: file:///C:/temp/PetCareA
pp/app/src/main/java/com/ex
ample/petcaresuperapp/prese
ntation/navigation/NavGraph
.kt:110:13 Unresolved 
reference 'SplashScreen'.
e: file:///C:/temp/PetCareA
pp/app/src/main/java/com/ex
ample/petcaresuperapp/prese
ntation/navigation/NavGraph
.kt:110:37 Cannot infer 
type for this parameter. 
Please specify it 
explicitly.
e: file:///C:/temp/PetCareA
pp/app/src/main/java/com/ex
ample/petcaresuperapp/prese
ntation/navigation/NavGraph
.kt:117:13 Unresolved 
reference 
'OnboardingScreen'.
e: file:///C:/temp/PetCareA
pp/app/src/main/java/com/ex
ample/petcaresuperapp/prese
ntation/navigation/NavGraph
.kt:124:13 Unresolved 
reference 'LoginScreen'.
e: file:///C:/temp/PetCareA
pp/app/src/main/java/com/ex
ample/petcaresuperapp/prese
ntation/navigation/NavGraph
.kt:136:13 Unresolved 
reference 'SignUpScreen'.
e: file:///C:/temp/PetCareA
pp/app/src/main/java/com/ex
ample/petcaresuperapp/prese
ntation/navigation/NavGraph
.kt:149:17 Unresolved 
reference 'HomeScreen'.
e: file:///C:/temp/PetCareA
pp/app/src/main/java/com/ex
ample/petcaresuperapp/prese
ntation/navigation/NavGraph
.kt:156:17 Unresolved 
reference 
'PetProfileScreen'.
e: file:///C:/temp/PetCareA
pp/app/src/main/java/com/ex
ample/petcaresuperapp/prese
ntation/navigation/NavGraph
.kt:166:17 Unresolved 
reference 
'HealthCardScreen'.
e: file:///C:/temp/PetCareA
pp/app/src/main/java/com/ex
ample/petcaresuperapp/prese
ntation/navigation/NavGraph
.kt:171:17 Unresolved 
reference 
'NotificationScreen'.
e: file:///C:/temp/PetCareA
pp/app/src/main/java/com/ex
ample/petcaresuperapp/prese
ntation/navigation/NavGraph
.kt:176:17 Unresolved 
reference 
'ActivityTrackerScreen'.
e: file:///C:/temp/PetCareA
pp/app/src/main/java/com/ex
ample/petcaresuperapp/prese
ntation/navigation/NavGraph
.kt:181:17 Unresolved 
reference 
'GpsTrackingScreen'.
e: file:///C:/temp/PetCareA
pp/app/src/main/java/com/ex
ample/petcaresuperapp/prese
ntation/navigation/NavGraph
.kt:186:17 Unresolved 
reference 
'BlockchainIdentityScreen'.
e: file:///C:/temp/PetCareA
pp/app/src/main/java/com/ex
ample/petcaresuperapp/prese
ntation/navigation/NavGraph
.kt:191:17 Unresolved 
reference 
'HealthAnalyticsScreen'.
e: file:///C:/temp/PetCareA
pp/app/src/main/java/com/ex
ample/petcaresuperapp/prese
ntation/navigation/NavGraph
.kt:198:17 Unresolved 
reference 
'VetSearchScreen'.
e: file:///C:/temp/PetCareA
pp/app/src/main/java/com/ex
ample/petcaresuperapp/prese
ntation/navigation/NavGraph
.kt:206:17 Unresolved 
reference 
'VetDetailScreen'.
e: file:///C:/temp/PetCareA
pp/app/src/main/java/com/ex
ample/petcaresuperapp/prese
ntation/navigation/NavGraph
.kt:214:17 Unresolved 
reference 
'AppointmentBookingScreen'.
e: file:///C:/temp/PetCareA
pp/app/src/main/java/com/ex
ample/petcaresuperapp/prese
ntation/navigation/NavGraph
.kt:219:17 Unresolved 
reference 
'MyAppointmentsScreen'.
e: file:///C:/temp/PetCareA
pp/app/src/main/java/com/ex
ample/petcaresuperapp/prese
ntation/navigation/NavGraph
.kt:224:17 Unresolved 
reference 
'TelemedicineScreen'.
e: file:///C:/temp/PetCareA
pp/app/src/main/java/com/ex
ample/petcaresuperapp/prese
ntation/navigation/NavGraph
.kt:229:17 Unresolved 
reference 
'VideoCallScreen'.
e: file:///C:/temp/PetCareA
pp/app/src/main/java/com/ex
ample/petcaresuperapp/prese
ntation/navigation/NavGraph
.kt:234:17 Unresolved 
reference 
'QrScannerScreen'.
e: file:///C:/temp/PetCareA
pp/app/src/main/java/com/ex
ample/petcaresuperapp/prese
ntation/navigation/NavGraph
.kt:241:17 Unresolved 
reference 
'CommunityFeedScreen'.
e: file:///C:/temp/PetCareA
pp/app/src/main/java/com/ex
ample/petcaresuperapp/prese
ntation/navigation/NavGraph
.kt:246:17 Unresolved 
reference 
'LostFoundScreen'.
e: file:///C:/temp/PetCareA
pp/app/src/main/java/com/ex
ample/petcaresuperapp/prese
ntation/navigation/NavGraph
.kt:251:17 Unresolved 
reference 
'ReportPetScreen'.
e: file:///C:/temp/PetCareA
pp/app/src/main/java/com/ex
ample/petcaresuperapp/prese
ntation/navigation/NavGraph
.kt:256:17 Unresolved 
reference 'ChatScreen'.
e: file:///C:/temp/PetCareA
pp/app/src/main/java/com/ex
ample/petcaresuperapp/prese
ntation/navigation/NavGraph
.kt:261:17 Unresolved 
reference 
'RescueForumScreen'.
e: file:///C:/temp/PetCareA
pp/app/src/main/java/com/ex
ample/petcaresuperapp/prese
ntation/navigation/NavGraph
.kt:268:17 Unresolved 
reference 
'AdoptionListScreen'.
e: file:///C:/temp/PetCareA
pp/app/src/main/java/com/ex
ample/petcaresuperapp/prese
ntation/navigation/NavGraph
.kt:276:17 Unresolved 
reference 
'AdoptionDetailScreen'.
e: file:///C:/temp/PetCareA
pp/app/src/main/java/com/ex
ample/petcaresuperapp/prese
ntation/navigation/NavGraph
.kt:284:17 Unresolved 
reference 'AdoptionApplicat
ionScreen'.
e: file:///C:/temp/PetCareA
pp/app/src/main/java/com/ex
ample/petcaresuperapp/prese
ntation/navigation/NavGraph
.kt:289:17 Unresolved 
reference 
'SuccessStoriesScreen'.
e: file:///C:/temp/PetCareA
pp/app/src/main/java/com/ex
ample/petcaresuperapp/prese
ntation/navigation/NavGraph
.kt:296:17 Unresolved 
reference 
'VetDashboardScreen'.
e: file:///C:/temp/PetCareA
pp/app/src/main/java/com/ex
ample/petcaresuperapp/prese
ntation/navigation/NavGraph
.kt:301:17 Unresolved 
reference 
'ShelterDashboardScreen'.
e: file:///C:/temp/PetCareA
pp/app/src/main/java/com/ex
ample/petcaresuperapp/prese
ntation/navigation/NavGraph
.kt:306:17 Unresolved 
reference 
'StoreDashboardScreen'.
e: file:///C:/temp/PetCareA
pp/app/src/main/java/com/ex
ample/petcaresuperapp/prese
ntation/navigation/NavGraph
.kt:314:17 Unresolved 
reference 'AdoptionRequestD
etailScreen'.
e: file:///C:/temp/PetCareA
pp/app/src/main/java/com/ex
ample/petcaresuperapp/prese
ntation/navigation/NavGraph
.kt:321:17 Unresolved 
reference 
'AiAssistantScreen'.
e: file:///C:/temp/PetCareA
pp/app/src/main/java/com/ex
ample/petcaresuperapp/prese
ntation/navigation/NavGraph
.kt:326:17 Unresolved 
reference 
'EmergencySosScreen'.
e: file:///C:/temp/PetCareA
pp/app/src/main/java/com/ex
ample/petcaresuperapp/prese
ntation/navigation/NavGraph
.kt:331:17 Unresolved 
reference 
'EducationScreen'.
e: file:///C:/temp/PetCareA
pp/app/src/main/java/com/ex
ample/petcaresuperapp/prese
ntation/navigation/NavGraph
.kt:336:17 Unresolved 
reference 
'MarketplaceScreen'.
e: file:///C:/temp/PetCareA
pp/app/src/main/java/com/ex
ample/petcaresuperapp/prese
ntation/navigation/NavGraph
.kt:341:17 Unresolved 
reference 
'UserProfileScreen'.
e: file:///C:/temp/PetCareA
pp/app/src/main/java/com/ex
ample/petcaresuperapp/prese
ntation/navigation/NavGraph
.kt:346:17 Unresolved 
reference 'SettingsScreen'.
e: file:///C:/temp/PetCareA
pp/app/src/main/java/com/ex
ample/petcaresuperapp/prese
ntation/navigation/NavGraph
.kt:351:17 Unresolved 
reference 
'DiscoveryMapScreen'.
e: file:///C:/temp/PetCareA
pp/app/src/main/java/com/ex
ample/petcaresuperapp/prese
ntation/screens/pet/AddPetS
creen.kt:23:60 Unresolved 
reference 'GradientButton'.
e: file:///C:/temp/PetCareA
pp/app/src/main/java/com/ex
ample/petcaresuperapp/prese
ntation/screens/pet/AddPetS
creen.kt:47:77 Unresolved 
reference 
'BackgroundColor'.
e: file:///C:/temp/PetCareA
pp/app/src/main/java/com/ex
ample/petcaresuperapp/prese
ntation/screens/pet/AddPetS
creen.kt:50:26 Unresolved 
reference 
'BackgroundColor'.
e: file:///C:/temp/PetCareA
pp/app/src/main/java/com/ex
ample/petcaresuperapp/prese
ntation/screens/pet/AddPetS
creen.kt:60:34 Unresolved 
reference 
'BackgroundColor'.
e: file:///C:/temp/PetCareA
pp/app/src/main/java/com/ex
ample/petcaresuperapp/prese
ntation/screens/pet/AddPetS
creen.kt:61:32 Unresolved 
reference 'PrimaryColor'.
e: file:///C:/temp/PetCareA
pp/app/src/main/java/com/ex
ample/petcaresuperapp/prese
ntation/screens/pet/AddPetS
creen.kt:65:33 Unresolved 
reference 'PrimaryColor'.
e: file:///C:/temp/PetCareA
pp/app/src/main/java/com/ex
ample/petcaresuperapp/prese
ntation/screens/pet/AddPetS
creen.kt:131:29 Unresolved 
reference 'PrimaryColor'.
e: file:///C:/temp/PetCareA
pp/app/src/main/java/com/ex
ample/petcaresuperapp/prese
ntation/screens/pet/AddPetS
creen.kt:135:81 Unresolved 
reference 'PrimaryColor'.
e: file:///C:/temp/PetCareA
pp/app/src/main/java/com/ex
ample/petcaresuperapp/prese
ntation/screens/pet/AddPetS
creen.kt:136:61 Unresolved 
reference 'PrimaryColor'.
e: file:///C:/temp/PetCareA
pp/app/src/main/java/com/ex
ample/petcaresuperapp/prese
ntation/screens/pet/AddPetS
creen.kt:160:21 Unresolved 
reference 'TextPrimary'.
e: file:///C:/temp/PetCareA
pp/app/src/main/java/com/ex
ample/petcaresuperapp/prese
ntation/screens/pet/AddPetS
creen.kt:169:9 Unresolved 
reference 'GradientButton'.
e: file:///C:/temp/PetCareA
pp/app/src/main/java/com/ex
ample/petcaresuperapp/prese
ntation/screens/pet/AddPetS
creen.kt:172:24 Unresolved 
reference 
'PrimaryGradient'.
e: file:///C:/temp/PetCareA
pp/app/src/main/java/com/ex
ample/petcaresuperapp/prese
ntation/screens/pet/AddPetS
creen.kt:191:21 Unresolved 
reference 'TextPrimary'.
e: file:///C:/temp/PetCareA
pp/app/src/main/java/com/ex
ample/petcaresuperapp/prese
ntation/screens/pet/AddPetS
creen.kt:197:21 Unresolved 
reference 'TextSecondary'.
e: file:///C:/temp/PetCareA
pp/app/src/main/java/com/ex
ample/petcaresuperapp/prese
ntation/screens/pet/AddPetS
creen.kt:226:33 Unresolved 
reference 'SecondaryColor'.
e: file:///C:/temp/PetCareA
pp/app/src/main/java/com/ex
ample/petcaresuperapp/prese
ntation/screens/pet/AddPetS
creen.kt:229:80 Unresolved 
reference 'SecondaryColor'.
e: file:///C:/temp/PetCareA
pp/app/src/main/java/com/ex
ample/petcaresuperapp/prese
ntation/screens/pet/AddPetS
creen.kt:233:98 Unresolved 
reference 'TextPrimary'.
e: file:///C:/temp/PetCareA
pp/app/src/main/java/com/ex
ample/petcaresuperapp/prese
ntation/screens/pet/AddPetS
creen.kt:234:70 Unresolved 
reference 'TextSecondary'.
e: file:///C:/temp/PetCareA
pp/app/src/main/java/com/ex
ample/petcaresuperapp/prese
ntation/screens/pet/AddPetS
creen.kt:236:67 Unresolved 
reference 'PrimaryColor'.
e: file:///C:/temp/PetCareA
pp/app/src/main/java/com/ex
ample/petcaresuperapp/prese
ntation/screens/pet/AddPetS
creen.kt:239:85 Unresolved 
reference 'TextGrey'.
e: file:///C:/temp/PetCareA
pp/app/src/main/java/com/ex
ample/petcaresuperapp/prese
ntation/screens/pet/AddPetS
creen.kt:248:59 Unresolved 
reference 'TextPrimary'.
e: file:///C:/temp/PetCareA
pp/app/src/main/java/com/ex
ample/petcaresuperapp/prese
ntation/screens/pet/AddPetS
creen.kt:253:74 Unresolved 
reference 'PrimaryColor'.
e: file:///C:/temp/PetCareA
pp/app/src/main/java/com/ex
ample/petcaresuperapp/prese
ntation/screens/pet/AddPetS
creen.kt:257:38 Unresolved 
reference 'PrimaryColor'.
e: file:///C:/temp/PetCareA
pp/app/src/main/java/com/ex
ample/petcaresuperapp/prese
ntation/screens/pet/AddPetS
creen.kt:258:43 Unresolved 
reference 'SurfaceColor'.
e: file:///C:/temp/PetCareA
pp/app/src/main/java/com/ex
ample/petcaresuperapp/prese
ntation/screens/pet/AddPetS
creen.kt:259:41 Unresolved 
reference 'SurfaceColor'.
e: file:///C:/temp/PetCareA
pp/app/src/main/java/com/ex
ample/petcaresuperapp/prese
ntation/screens/pet/AddPetS
creen.kt:270:33 Unresolved 
reference 'PrimaryColor'.
e: file:///C:/temp/PetCareA
pp/app/src/main/java/com/ex
ample/petcaresuperapp/prese
ntation/screens/pet/AddPetS
creen.kt:270:51 Unresolved 
reference 'SurfaceColor'.
e: file:///C:/temp/PetCareA
pp/app/src/main/java/com/ex
ample/petcaresuperapp/prese
ntation/screens/pet/AddPetS
creen.kt:271:91 Unresolved 
reference 'DividerColor'.
e: file:///C:/temp/PetCareA
pp/app/src/main/java/com/ex
ample/petcaresuperapp/prese
ntation/screens/pet/AddPetS
creen.kt:276:58 Unresolved 
reference 'TextSecondary'.

> Task :app:compileDebugKotlin FAILED

[Incubating] Problems report is available at: file:///C:/temp/PetCareApp/build/reports/problems/problems-report.html

FAILURE: Build failed with 
an exception.

* What went wrong:
Execution failed for task 
':app:compileDebugKotlin'.
> A failure occurred while 
executing org.jetbrains.kot
lin.compilerRunner.GradleCo
mpilerRunnerWithWorkers$Gra
dleKotlinCompilerWorkAction
   > Compilation error. 
See log for more details

* Try:
> Run with --stacktrace 
option to get the stack 
trace.
> Run with --info or 
--debug option to get more 
log output.
> Run with --scan to get 
full insights from a Build 
Scan (powered by 
Develocity).
> Get more help at 
https://help.gradle.org.

Deprecated Gradle features were used in this build, making it incompatible with Gradle 10.

You can use '--warning-mode all' to show the individual deprecation warnings and determine if they come from your own scripts or plugins.

For more on this, please refer to https://docs.gradle.org/9.3.1/userguide/command_line_interface.html#sec:command_line_warnings in the Gradle documentation.

BUILD FAILED in 1m 33s
17 actionable tasks: 1 executed, 16 up-to-date
